  Determining projects to restore...
  All projects are up-to-date for restore.
  SV22T1020193.Models -> C:\Users\ASUS\Documents\Study\LT WEB\SV22T1020193\SV22T1020193.Models\bin\Debug\net8.0\SV22T1020193.Models.dll
  SV22T1020193.DataLayers -> C:\Users\ASUS\Documents\Study\LT WEB\SV22T1020193\SV22T1020193.DataLayers\bin\Debug\net8.0\SV22T1020193.DataLayers.dll
C:\Users\ASUS\Documents\Study\LT WEB\SV22T1020193\SV22T1020193.BusinessLayers\DictionaryDataService.cs(23,30): error CS0246: The type or namespace name 'CategoryRepository' could not be found (are you missing a using directive or an assembly reference?) [C:\Users\ASUS\Documents\Study\LT WEB\SV22T1020193\SV22T1020193.BusinessLayers\SV22T1020193.BusinessLayers.csproj]
C:\Users\ASUS\Documents\Study\LT WEB\SV22T1020193\SV22T1020193.BusinessLayers\CatalogDataService.cs(22,30): error CS0246: The type or namespace name 'CategoryRepository' could not be found (are you missing a using directive or an assembly reference?) [C:\Users\ASUS\Documents\Study\LT WEB\SV22T1020193\SV22T1020193.BusinessLayers\SV22T1020193.BusinessLayers.csproj]

Build FAILED.

C:\Users\ASUS\Documents\Study\LT WEB\SV22T1020193\SV22T1020193.BusinessLayers\DictionaryDataService.cs(23,30): error CS0246: The type or namespace name 'CategoryRepository' could not be found (are you missing a using directive or an assembly reference?) [C:\Users\ASUS\Documents\Study\LT WEB\SV22T1020193\SV22T1020193.BusinessLayers\SV22T1020193.BusinessLayers.csproj]
C:\Users\ASUS\Documents\Study\LT WEB\SV22T1020193\SV22T1020193.BusinessLayers\CatalogDataService.cs(22,30): error CS0246: The type or namespace name 'CategoryRepository' could not be found (are you missing a using directive or an assembly reference?) [C:\Users\ASUS\Documents\Study\LT WEB\SV22T1020193\SV22T1020193.BusinessLayers\SV22T1020193.BusinessLayers.csproj]
    0 Warning(s)
    2 Error(s)

Time Elapsed 00:00:03.44
