  Determining projects to restore...
  Restored c:\Users\ASUS\Documents\Study\LT WEB\SV22T1020193\SV22T1020193.Shop\SV22T1020193.Shop.csproj (in 598 ms).
  4 of 5 projects are up-to-date for restore.
  SV22T1020193.Models -> C:\Users\ASUS\Documents\Study\LT WEB\SV22T1020193\SV22T1020193.Models\bin\Debug\net8.0\SV22T1020193.Models.dll
  SV22T1020193.DataLayers -> C:\Users\ASUS\Documents\Study\LT WEB\SV22T1020193\SV22T1020193.DataLayers\bin\Debug\net8.0\SV22T1020193.DataLayers.dll
C:\Users\ASUS\Documents\Study\LT WEB\SV22T1020193\SV22T1020193.BusinessLayers\SalesDataService.cs(1,20): error CS0234: The type or namespace name 'DataLayers' does not exist in the namespace 'LiteCommerce' (are you missing an assembly reference?) [C:\Users\ASUS\Documents\Study\LT WEB\SV22T1020193\SV22T1020193.BusinessLayers\SV22T1020193.BusinessLayers.csproj]
C:\Users\ASUS\Documents\Study\LT WEB\SV22T1020193\SV22T1020193.BusinessLayers\SalesDataService.cs(2,20): error CS0234: The type or namespace name 'DataLayers' does not exist in the namespace 'LiteCommerce' (are you missing an assembly reference?) [C:\Users\ASUS\Documents\Study\LT WEB\SV22T1020193\SV22T1020193.BusinessLayers\SV22T1020193.BusinessLayers.csproj]
C:\Users\ASUS\Documents\Study\LT WEB\SV22T1020193\SV22T1020193.BusinessLayers\SalesDataService.cs(3,20): error CS0234: The type or namespace name 'Models' does not exist in the namespace 'LiteCommerce' (are you missing an assembly reference?) [C:\Users\ASUS\Documents\Study\LT WEB\SV22T1020193\SV22T1020193.BusinessLayers\SV22T1020193.BusinessLayers.csproj]
C:\Users\ASUS\Documents\Study\LT WEB\SV22T1020193\SV22T1020193.BusinessLayers\SalesDataService.cs(4,20): error CS0234: The type or namespace name 'Models' does not exist in the namespace 'LiteCommerce' (are you missing an assembly reference?) [C:\Users\ASUS\Documents\Study\LT WEB\SV22T1020193\SV22T1020193.BusinessLayers\SV22T1020193.BusinessLayers.csproj]
C:\Users\ASUS\Documents\Study\LT WEB\SV22T1020193\SV22T1020193.BusinessLayers\SalesDataService.cs(29,78): error CS0246: The type or namespace name 'OrderSearchInput' could not be found (are you missing a using directive or an assembly reference?) [C:\Users\ASUS\Documents\Study\LT WEB\SV22T1020193\SV22T1020193.BusinessLayers\SV22T1020193.BusinessLayers.csproj]
C:\Users\ASUS\Documents\Study\LT WEB\SV22T1020193\SV22T1020193.BusinessLayers\SalesDataService.cs(29,34): error CS0246: The type or namespace name 'PagedResult<>' could not be found (are you missing a using directive or an assembly reference?) [C:\Users\ASUS\Documents\Study\LT WEB\SV22T1020193\SV22T1020193.BusinessLayers\SV22T1020193.BusinessLayers.csproj]
C:\Users\ASUS\Documents\Study\LT WEB\SV22T1020193\SV22T1020193.BusinessLayers\SalesDataService.cs(29,46): error CS0246: The type or namespace name 'OrderViewInfo' could not be found (are you missing a using directive or an assembly reference?) [C:\Users\ASUS\Documents\Study\LT WEB\SV22T1020193\SV22T1020193.BusinessLayers\SV22T1020193.BusinessLayers.csproj]
C:\Users\ASUS\Documents\Study\LT WEB\SV22T1020193\SV22T1020193.BusinessLayers\SalesDataService.cs(37,34): error CS0246: The type or namespace name 'OrderViewInfo' could not be found (are you missing a using directive or an assembly reference?) [C:\Users\ASUS\Documents\Study\LT WEB\SV22T1020193\SV22T1020193.BusinessLayers\SV22T1020193.BusinessLayers.csproj]
C:\Users\ASUS\Documents\Study\LT WEB\SV22T1020193\SV22T1020193.BusinessLayers\SalesDataService.cs(45,53): error CS0246: The type or namespace name 'Order' could not be found (are you missing a using directive or an assembly reference?) [C:\Users\ASUS\Documents\Study\LT WEB\SV22T1020193\SV22T1020193.BusinessLayers\SV22T1020193.BusinessLayers.csproj]
C:\Users\ASUS\Documents\Study\LT WEB\SV22T1020193\SV22T1020193.BusinessLayers\SalesDataService.cs(56,57): error CS0246: The type or namespace name 'Order' could not be found (are you missing a using directive or an assembly reference?) [C:\Users\ASUS\Documents\Study\LT WEB\SV22T1020193\SV22T1020193.BusinessLayers\SV22T1020193.BusinessLayers.csproj]
C:\Users\ASUS\Documents\Study\LT WEB\SV22T1020193\SV22T1020193.BusinessLayers\SalesDataService.cs(176,39): error CS0246: The type or namespace name 'OrderDetailViewInfo' could not be found (are you missing a using directive or an assembly reference?) [C:\Users\ASUS\Documents\Study\LT WEB\SV22T1020193\SV22T1020193.BusinessLayers\SV22T1020193.BusinessLayers.csproj]
C:\Users\ASUS\Documents\Study\LT WEB\SV22T1020193\SV22T1020193.BusinessLayers\SalesDataService.cs(184,34): error CS0246: The type or namespace name 'OrderDetailViewInfo' could not be found (are you missing a using directive or an assembly reference?) [C:\Users\ASUS\Documents\Study\LT WEB\SV22T1020193\SV22T1020193.BusinessLayers\SV22T1020193.BusinessLayers.csproj]
C:\Users\ASUS\Documents\Study\LT WEB\SV22T1020193\SV22T1020193.BusinessLayers\SalesDataService.cs(192,55): error CS0246: The type or namespace name 'OrderDetail' could not be found (are you missing a using directive or an assembly reference?) [C:\Users\ASUS\Documents\Study\LT WEB\SV22T1020193\SV22T1020193.BusinessLayers\SV22T1020193.BusinessLayers.csproj]
C:\Users\ASUS\Documents\Study\LT WEB\SV22T1020193\SV22T1020193.BusinessLayers\SalesDataService.cs(201,58): error CS0246: The type or namespace name 'OrderDetail' could not be found (are you missing a using directive or an assembly reference?) [C:\Users\ASUS\Documents\Study\LT WEB\SV22T1020193\SV22T1020193.BusinessLayers\SV22T1020193.BusinessLayers.csproj]
C:\Users\ASUS\Documents\Study\LT WEB\SV22T1020193\SV22T1020193.BusinessLayers\SalesDataService.cs(14,33): error CS0246: The type or namespace name 'IOrderRepository' could not be found (are you missing a using directive or an assembly reference?) [C:\Users\ASUS\Documents\Study\LT WEB\SV22T1020193\SV22T1020193.BusinessLayers\SV22T1020193.BusinessLayers.csproj]

Build FAILED.

C:\Users\ASUS\Documents\Study\LT WEB\SV22T1020193\SV22T1020193.BusinessLayers\SalesDataService.cs(1,20): error CS0234: The type or namespace name 'DataLayers' does not exist in the namespace 'LiteCommerce' (are you missing an assembly reference?) [C:\Users\ASUS\Documents\Study\LT WEB\SV22T1020193\SV22T1020193.BusinessLayers\SV22T1020193.BusinessLayers.csproj]
C:\Users\ASUS\Documents\Study\LT WEB\SV22T1020193\SV22T1020193.BusinessLayers\SalesDataService.cs(2,20): error CS0234: The type or namespace name 'DataLayers' does not exist in the namespace 'LiteCommerce' (are you missing an assembly reference?) [C:\Users\ASUS\Documents\Study\LT WEB\SV22T1020193\SV22T1020193.BusinessLayers\SV22T1020193.BusinessLayers.csproj]
C:\Users\ASUS\Documents\Study\LT WEB\SV22T1020193\SV22T1020193.BusinessLayers\SalesDataService.cs(3,20): error CS0234: The type or namespace name 'Models' does not exist in the namespace 'LiteCommerce' (are you missing an assembly reference?) [C:\Users\ASUS\Documents\Study\LT WEB\SV22T1020193\SV22T1020193.BusinessLayers\SV22T1020193.BusinessLayers.csproj]
C:\Users\ASUS\Documents\Study\LT WEB\SV22T1020193\SV22T1020193.BusinessLayers\SalesDataService.cs(4,20): error CS0234: The type or namespace name 'Models' does not exist in the namespace 'LiteCommerce' (are you missing an assembly reference?) [C:\Users\ASUS\Documents\Study\LT WEB\SV22T1020193\SV22T1020193.BusinessLayers\SV22T1020193.BusinessLayers.csproj]
C:\Users\ASUS\Documents\Study\LT WEB\SV22T1020193\SV22T1020193.BusinessLayers\SalesDataService.cs(29,78): error CS0246: The type or namespace name 'OrderSearchInput' could not be found (are you missing a using directive or an assembly reference?) [C:\Users\ASUS\Documents\Study\LT WEB\SV22T1020193\SV22T1020193.BusinessLayers\SV22T1020193.BusinessLayers.csproj]
C:\Users\ASUS\Documents\Study\LT WEB\SV22T1020193\SV22T1020193.BusinessLayers\SalesDataService.cs(29,34): error CS0246: The type or namespace name 'PagedResult<>' could not be found (are you missing a using directive or an assembly reference?) [C:\Users\ASUS\Documents\Study\LT WEB\SV22T1020193\SV22T1020193.BusinessLayers\SV22T1020193.BusinessLayers.csproj]
C:\Users\ASUS\Documents\Study\LT WEB\SV22T1020193\SV22T1020193.BusinessLayers\SalesDataService.cs(29,46): error CS0246: The type or namespace name 'OrderViewInfo' could not be found (are you missing a using directive or an assembly reference?) [C:\Users\ASUS\Documents\Study\LT WEB\SV22T1020193\SV22T1020193.BusinessLayers\SV22T1020193.BusinessLayers.csproj]
C:\Users\ASUS\Documents\Study\LT WEB\SV22T1020193\SV22T1020193.BusinessLayers\SalesDataService.cs(37,34): error CS0246: The type or namespace name 'OrderViewInfo' could not be found (are you missing a using directive or an assembly reference?) [C:\Users\ASUS\Documents\Study\LT WEB\SV22T1020193\SV22T1020193.BusinessLayers\SV22T1020193.BusinessLayers.csproj]
C:\Users\ASUS\Documents\Study\LT WEB\SV22T1020193\SV22T1020193.BusinessLayers\SalesDataService.cs(45,53): error CS0246: The type or namespace name 'Order' could not be found (are you missing a using directive or an assembly reference?) [C:\Users\ASUS\Documents\Study\LT WEB\SV22T1020193\SV22T1020193.BusinessLayers\SV22T1020193.BusinessLayers.csproj]
C:\Users\ASUS\Documents\Study\LT WEB\SV22T1020193\SV22T1020193.BusinessLayers\SalesDataService.cs(56,57): error CS0246: The type or namespace name 'Order' could not be found (are you missing a using directive or an assembly reference?) [C:\Users\ASUS\Documents\Study\LT WEB\SV22T1020193\SV22T1020193.BusinessLayers\SV22T1020193.BusinessLayers.csproj]
C:\Users\ASUS\Documents\Study\LT WEB\SV22T1020193\SV22T1020193.BusinessLayers\SalesDataService.cs(176,39): error CS0246: The type or namespace name 'OrderDetailViewInfo' could not be found (are you missing a using directive or an assembly reference?) [C:\Users\ASUS\Documents\Study\LT WEB\SV22T1020193\SV22T1020193.BusinessLayers\SV22T1020193.BusinessLayers.csproj]
C:\Users\ASUS\Documents\Study\LT WEB\SV22T1020193\SV22T1020193.BusinessLayers\SalesDataService.cs(184,34): error CS0246: The type or namespace name 'OrderDetailViewInfo' could not be found (are you missing a using directive or an assembly reference?) [C:\Users\ASUS\Documents\Study\LT WEB\SV22T1020193\SV22T1020193.BusinessLayers\SV22T1020193.BusinessLayers.csproj]
C:\Users\ASUS\Documents\Study\LT WEB\SV22T1020193\SV22T1020193.BusinessLayers\SalesDataService.cs(192,55): error CS0246: The type or namespace name 'OrderDetail' could not be found (are you missing a using directive or an assembly reference?) [C:\Users\ASUS\Documents\Study\LT WEB\SV22T1020193\SV22T1020193.BusinessLayers\SV22T1020193.BusinessLayers.csproj]
C:\Users\ASUS\Documents\Study\LT WEB\SV22T1020193\SV22T1020193.BusinessLayers\SalesDataService.cs(201,58): error CS0246: The type or namespace name 'OrderDetail' could not be found (are you missing a using directive or an assembly reference?) [C:\Users\ASUS\Documents\Study\LT WEB\SV22T1020193\SV22T1020193.BusinessLayers\SV22T1020193.BusinessLayers.csproj]
C:\Users\ASUS\Documents\Study\LT WEB\SV22T1020193\SV22T1020193.BusinessLayers\SalesDataService.cs(14,33): error CS0246: The type or namespace name 'IOrderRepository' could not be found (are you missing a using directive or an assembly reference?) [C:\Users\ASUS\Documents\Study\LT WEB\SV22T1020193\SV22T1020193.BusinessLayers\SV22T1020193.BusinessLayers.csproj]
    0 Warning(s)
    15 Error(s)

Time Elapsed 00:00:03.00
